OrderDate	Region	Rep	Item	Units	Unit_Cost	Total
2016-01-06	East	Jones	Pencil	95	1.99	189.05
2016-01-23	Central	Kivell	Binder	50	19.99	999.50
2016-02-09	Central	Jardine	Pencil	36	4.99	179.64
